[{"channel":"AndorraTV.ad","url":"https://iptv-all.lanesh4d0w.repl.co/andorra/atv","http_referrer":"http://imn.iq","user_agent":"Mozilla/5.0 (iPhone; CPU iPhone OS 12_2 like Mac OS X) AppleWebKit/605.1.15 (KHTML, like Gecko) Mobile/15E148","status":"error","added_at":"2022-08-09T02:54:12Z","checked_at":"2022-08-09T02:54:12Z","updated_at":"2022-08-09T02:54:12Z"},{"channel":"BBCNews.uk","url":"http://1111296894.rsc.cdn77.org/LS-ATL-54548-6/index.m3u8","http_referrer":null,"user_agent":null,"status":"blocked","added_at":"2022-08-09T02:54:12Z","checked_at":"2022-08-09T02:54:12Z","updated_at":"2022-08-09T02:54:12Z"},{"channel":"BBCNewsHD.uk","url":"https://master.starmena-cloud.com/hls/bbc.m3u8","http_referrer":null,"user_agent":null,"status":"online","width":1024,"height":576,"bitrate":0,"frame_rate":25,"added_at":"2022-08-09T02:54:12Z","checked_at":"2022-08-09T02:54:12Z","updated_at":"2022-08-09T02:54:12Z"},{"channel":"KayhanTV.af","url":"http://208.93.117.113/live/Stream1/playlist.m3u8","http_referrer":null,"user_agent":null,"status":"error"},{"channel":"LDPRTV.ru","url":"http://46.46.143.222:1935/live/mp4:ldpr.stream/playlist.m3u8","http_referrer":null,"user_agent":null,"status":"error"},{"channel":"LibyasChannel.ly","url":"https://master.starmena-cloud.com/hls/libyas.m3u8","http_referrer":null,"user_agent":null,"status":"online","width":1024,"height":576,"bitrate":0,"frame_rate":25,"added_at":"2022-07-07T00:00:00Z","checked_at":"2022-08-09T02:54:12Z","updated_at":"2022-07-07T00:00:00Z"},{"channel":"Sharq.af","url":"https://forerunnerrtmp.livestreamingcdn.com/output18/output18.stream/playlist.m3u8","http_referrer":null,"user_agent":null,"status":"online","width":1280,"height":720,"bitrate":2226543,"frame_rate":25,"added_at":"2022-08-09T02:54:12Z","checked_at":"2022-08-09T02:54:12Z","updated_at":"2022-08-09T02:54:12Z"}]